2025-12-03 09:02:49,713 - INFO - Logging started. Saving to logs\train_20251203_090249.log
2025-12-03 09:02:49,713 - INFO - Execution started at: 2025-12-03 09:02:49.713057
2025-12-03 09:02:49,714 - INFO - Training ALL subjects (1-9)...
2025-12-03 09:02:49,714 - INFO - ==========================================
2025-12-03 09:02:49,714 - INFO - Starting training for Subject 1
2025-12-03 09:02:49,714 - INFO - ==========================================
2025-12-03 09:02:49,714 - INFO - Loading data for Subject 1...
2025-12-03 09:02:50,087 - INFO - Data loaded: X=(288, 22, 1000), y=(288,), blocks=[3 4 5 6 7 8]
2025-12-03 09:02:50,091 - INFO - Filtering classes to [0, 1]...
2025-12-03 09:02:50,100 - INFO - Filtered data: X=(144, 22, 1000), y=(144,)
2025-12-03 09:02:50,101 - INFO - Holding out Block 8 for testing.
2025-12-03 09:02:50,107 - INFO - Initializing model...
2025-12-03 09:02:50,107 - INFO - Fitting model (this may take a while)...
2025-12-03 09:11:38,260 - INFO - Evaluating on test set...
2025-12-03 09:11:40,218 - INFO - Subject 1 Test Accuracy: 0.6667
2025-12-03 09:11:40,270 - INFO - Model saved to models\subject_1_model.pkl
2025-12-03 09:11:40,270 - INFO - Finished Subject 1
2025-12-03 09:11:40,285 - INFO - ==========================================
2025-12-03 09:11:40,285 - INFO - Starting training for Subject 2
2025-12-03 09:11:40,285 - INFO - ==========================================
2025-12-03 09:11:40,285 - INFO - Loading data for Subject 2...
2025-12-03 09:11:40,693 - INFO - Data loaded: X=(288, 22, 1000), y=(288,), blocks=[3 4 5 6 7 8]
2025-12-03 09:11:40,693 - INFO - Filtering classes to [0, 1]...
2025-12-03 09:11:40,702 - INFO - Filtered data: X=(144, 22, 1000), y=(144,)
2025-12-03 09:11:40,703 - INFO - Holding out Block 8 for testing.
2025-12-03 09:11:40,709 - INFO - Initializing model...
2025-12-03 09:11:40,709 - INFO - Fitting model (this may take a while)...
2025-12-03 09:21:20,406 - INFO - Evaluating on test set...
2025-12-03 09:21:23,291 - INFO - Subject 2 Test Accuracy: 0.7083
2025-12-03 09:21:23,356 - INFO - Model saved to models\subject_2_model.pkl
2025-12-03 09:21:23,357 - INFO - Finished Subject 2
2025-12-03 09:21:23,372 - INFO - ==========================================
2025-12-03 09:21:23,372 - INFO - Starting training for Subject 3
2025-12-03 09:21:23,373 - INFO - ==========================================
2025-12-03 09:21:23,373 - INFO - Loading data for Subject 3...
2025-12-03 09:21:23,782 - INFO - Data loaded: X=(288, 22, 1000), y=(288,), blocks=[3 4 5 6 7 8]
2025-12-03 09:21:23,782 - INFO - Filtering classes to [0, 1]...
2025-12-03 09:21:23,792 - INFO - Filtered data: X=(144, 22, 1000), y=(144,)
2025-12-03 09:21:23,792 - INFO - Holding out Block 8 for testing.
2025-12-03 09:21:23,799 - INFO - Initializing model...
2025-12-03 09:21:23,799 - INFO - Fitting model (this may take a while)...
2025-12-03 09:31:42,552 - INFO - Evaluating on test set...
2025-12-03 09:31:48,947 - INFO - Subject 3 Test Accuracy: 0.8750
2025-12-03 09:31:49,081 - INFO - Model saved to models\subject_3_model.pkl
2025-12-03 09:31:49,082 - INFO - Finished Subject 3
2025-12-03 09:31:49,099 - INFO - ==========================================
2025-12-03 09:31:49,100 - INFO - Starting training for Subject 4
2025-12-03 09:31:49,101 - INFO - ==========================================
2025-12-03 09:31:49,101 - INFO - Loading data for Subject 4...
2025-12-03 09:31:49,464 - INFO - Data loaded: X=(288, 22, 1000), y=(288,), blocks=[1 2 3 4 5 6]
2025-12-03 09:31:49,464 - INFO - Filtering classes to [0, 1]...
2025-12-03 09:31:49,474 - INFO - Filtered data: X=(144, 22, 1000), y=(144,)
2025-12-03 09:31:49,474 - INFO - Holding out Block 6 for testing.
2025-12-03 09:31:49,480 - INFO - Initializing model...
2025-12-03 09:31:49,481 - INFO - Fitting model (this may take a while)...
2025-12-03 09:40:36,101 - INFO - Evaluating on test set...
2025-12-03 09:40:39,242 - INFO - Subject 4 Test Accuracy: 0.8333
2025-12-03 09:40:39,314 - INFO - Model saved to models\subject_4_model.pkl
2025-12-03 09:40:39,315 - INFO - Finished Subject 4
2025-12-03 09:40:39,331 - INFO - ==========================================
2025-12-03 09:40:39,331 - INFO - Starting training for Subject 5
2025-12-03 09:40:39,331 - INFO - ==========================================
2025-12-03 09:40:39,332 - INFO - Loading data for Subject 5...
2025-12-03 09:40:39,747 - INFO - Data loaded: X=(288, 22, 1000), y=(288,), blocks=[3 4 5 6 7 8]
2025-12-03 09:40:39,748 - INFO - Filtering classes to [0, 1]...
2025-12-03 09:40:39,757 - INFO - Filtered data: X=(144, 22, 1000), y=(144,)
2025-12-03 09:40:39,757 - INFO - Holding out Block 8 for testing.
2025-12-03 09:40:39,763 - INFO - Initializing model...
2025-12-03 09:40:39,763 - INFO - Fitting model (this may take a while)...
2025-12-03 09:48:33,768 - INFO - Evaluating on test set...
2025-12-03 09:48:35,623 - INFO - Subject 5 Test Accuracy: 0.8333
2025-12-03 09:48:35,679 - INFO - Model saved to models\subject_5_model.pkl
2025-12-03 09:48:35,679 - INFO - Finished Subject 5
2025-12-03 09:48:35,688 - INFO - ==========================================
2025-12-03 09:48:35,688 - INFO - Starting training for Subject 6
2025-12-03 09:48:35,688 - INFO - ==========================================
2025-12-03 09:48:35,689 - INFO - Loading data for Subject 6...
2025-12-03 09:48:36,134 - INFO - Data loaded: X=(288, 22, 1000), y=(288,), blocks=[3 4 5 6 7 8]
2025-12-03 09:48:36,134 - INFO - Filtering classes to [0, 1]...
2025-12-03 09:48:36,144 - INFO - Filtered data: X=(144, 22, 1000), y=(144,)
2025-12-03 09:48:36,145 - INFO - Holding out Block 8 for testing.
2025-12-03 09:48:36,151 - INFO - Initializing model...
2025-12-03 09:48:36,151 - INFO - Fitting model (this may take a while)...
