2025-12-03 11:36:15,162 - INFO - Logging started. Saving to logs\train_20251203_113615.log
2025-12-03 11:36:15,163 - INFO - Execution started at: 2025-12-03 11:36:15.163868
2025-12-03 11:36:15,163 - INFO - Training ALL subjects (1-9)...
2025-12-03 11:36:15,164 - INFO - ==========================================
2025-12-03 11:36:15,164 - INFO - Starting training for Subject 1
2025-12-03 11:36:15,165 - INFO - ==========================================
2025-12-03 11:36:15,165 - INFO - Loading data for Subject 1...
2025-12-03 11:36:15,533 - INFO - Mode: Train on T file, Test on E file.
2025-12-03 11:36:15,899 - WARNING - E file for subject 1 is empty (no known labels). Falling back to splitting T file.
2025-12-03 11:36:15,899 - INFO - Mode: Within-subject split on T file (Test Ratio: 0.2)
2025-12-03 11:36:15,900 - INFO - Split sizes: Train=231, Test=57
2025-12-03 11:36:15,911 - INFO - Train Data: X=(231, 22, 1000), y=(231,)
2025-12-03 11:36:15,911 - INFO - Test Data: X=(57, 22, 1000), y=(57,)
2025-12-03 11:36:15,911 - INFO - Filtering classes to [0, 1]...
2025-12-03 11:36:15,912 - ERROR - Failed to train subject 1: cannot import name 'filter_dataset' from 'data_loader' (C:\Users\user\Desktop\eeg_code\BCI_TGSFT_v2\data_loader.py)
Traceback (most recent call last):
  File "C:\Users\user\Desktop\eeg_code\BCI_TGSFT_v2\main_train.py", line 159, in main
    run_experiment_for_subject(sub, args.output_dir)
  File "C:\Users\user\Desktop\eeg_code\BCI_TGSFT_v2\main_train.py", line 85, in run_experiment_for_subject
    from data_loader import filter_dataset
ImportError: cannot import name 'filter_dataset' from 'data_loader' (C:\Users\user\Desktop\eeg_code\BCI_TGSFT_v2\data_loader.py)
2025-12-03 11:36:15,920 - INFO - ==========================================
2025-12-03 11:36:15,920 - INFO - Starting training for Subject 2
2025-12-03 11:36:15,920 - INFO - ==========================================
2025-12-03 11:36:15,920 - INFO - Loading data for Subject 2...
2025-12-03 11:36:16,347 - INFO - Mode: Within-subject split on T file (Test Ratio: 0.2)
2025-12-03 11:36:16,348 - INFO - Split sizes: Train=231, Test=57
2025-12-03 11:36:16,361 - INFO - Train Data: X=(231, 22, 1000), y=(231,)
2025-12-03 11:36:16,361 - INFO - Test Data: X=(57, 22, 1000), y=(57,)
2025-12-03 11:36:16,361 - INFO - Filtering classes to [0, 1]...
2025-12-03 11:36:16,361 - ERROR - Failed to train subject 2: cannot import name 'filter_dataset' from 'data_loader' (C:\Users\user\Desktop\eeg_code\BCI_TGSFT_v2\data_loader.py)
Traceback (most recent call last):
  File "C:\Users\user\Desktop\eeg_code\BCI_TGSFT_v2\main_train.py", line 159, in main
    run_experiment_for_subject(sub, args.output_dir)
  File "C:\Users\user\Desktop\eeg_code\BCI_TGSFT_v2\main_train.py", line 85, in run_experiment_for_subject
    from data_loader import filter_dataset
ImportError: cannot import name 'filter_dataset' from 'data_loader' (C:\Users\user\Desktop\eeg_code\BCI_TGSFT_v2\data_loader.py)
2025-12-03 11:36:16,370 - INFO - ==========================================
2025-12-03 11:36:16,371 - INFO - Starting training for Subject 3
2025-12-03 11:36:16,371 - INFO - ==========================================
2025-12-03 11:36:16,371 - INFO - Loading data for Subject 3...
2025-12-03 11:36:16,736 - INFO - Mode: Within-subject split on T file (Test Ratio: 0.2)
2025-12-03 11:36:16,737 - INFO - Split sizes: Train=231, Test=57
2025-12-03 11:36:16,747 - INFO - Train Data: X=(231, 22, 1000), y=(231,)
2025-12-03 11:36:16,748 - INFO - Test Data: X=(57, 22, 1000), y=(57,)
2025-12-03 11:36:16,748 - INFO - Filtering classes to [0, 1]...
2025-12-03 11:36:16,748 - ERROR - Failed to train subject 3: cannot import name 'filter_dataset' from 'data_loader' (C:\Users\user\Desktop\eeg_code\BCI_TGSFT_v2\data_loader.py)
Traceback (most recent call last):
  File "C:\Users\user\Desktop\eeg_code\BCI_TGSFT_v2\main_train.py", line 159, in main
    run_experiment_for_subject(sub, args.output_dir)
  File "C:\Users\user\Desktop\eeg_code\BCI_TGSFT_v2\main_train.py", line 85, in run_experiment_for_subject
    from data_loader import filter_dataset
ImportError: cannot import name 'filter_dataset' from 'data_loader' (C:\Users\user\Desktop\eeg_code\BCI_TGSFT_v2\data_loader.py)
2025-12-03 11:36:16,756 - INFO - ==========================================
2025-12-03 11:36:16,756 - INFO - Starting training for Subject 4
2025-12-03 11:36:16,756 - INFO - ==========================================
2025-12-03 11:36:16,756 - INFO - Loading data for Subject 4...
2025-12-03 11:36:17,084 - INFO - Mode: Within-subject split on T file (Test Ratio: 0.2)
2025-12-03 11:36:17,085 - INFO - Split sizes: Train=231, Test=57
2025-12-03 11:36:17,098 - INFO - Train Data: X=(231, 22, 1000), y=(231,)
2025-12-03 11:36:17,098 - INFO - Test Data: X=(57, 22, 1000), y=(57,)
2025-12-03 11:36:17,098 - INFO - Filtering classes to [0, 1]...
2025-12-03 11:36:17,098 - ERROR - Failed to train subject 4: cannot import name 'filter_dataset' from 'data_loader' (C:\Users\user\Desktop\eeg_code\BCI_TGSFT_v2\data_loader.py)
Traceback (most recent call last):
  File "C:\Users\user\Desktop\eeg_code\BCI_TGSFT_v2\main_train.py", line 159, in main
    run_experiment_for_subject(sub, args.output_dir)
  File "C:\Users\user\Desktop\eeg_code\BCI_TGSFT_v2\main_train.py", line 85, in run_experiment_for_subject
    from data_loader import filter_dataset
ImportError: cannot import name 'filter_dataset' from 'data_loader' (C:\Users\user\Desktop\eeg_code\BCI_TGSFT_v2\data_loader.py)
2025-12-03 11:36:17,105 - INFO - ==========================================
2025-12-03 11:36:17,106 - INFO - Starting training for Subject 5
2025-12-03 11:36:17,106 - INFO - ==========================================
2025-12-03 11:36:17,107 - INFO - Loading data for Subject 5...
2025-12-03 11:36:17,480 - INFO - Mode: Within-subject split on T file (Test Ratio: 0.2)
2025-12-03 11:36:17,481 - INFO - Split sizes: Train=231, Test=57
2025-12-03 11:36:17,492 - INFO - Train Data: X=(231, 22, 1000), y=(231,)
2025-12-03 11:36:17,492 - INFO - Test Data: X=(57, 22, 1000), y=(57,)
2025-12-03 11:36:17,492 - INFO - Filtering classes to [0, 1]...
2025-12-03 11:36:17,493 - ERROR - Failed to train subject 5: cannot import name 'filter_dataset' from 'data_loader' (C:\Users\user\Desktop\eeg_code\BCI_TGSFT_v2\data_loader.py)
Traceback (most recent call last):
  File "C:\Users\user\Desktop\eeg_code\BCI_TGSFT_v2\main_train.py", line 159, in main
    run_experiment_for_subject(sub, args.output_dir)
  File "C:\Users\user\Desktop\eeg_code\BCI_TGSFT_v2\main_train.py", line 85, in run_experiment_for_subject
    from data_loader import filter_dataset
ImportError: cannot import name 'filter_dataset' from 'data_loader' (C:\Users\user\Desktop\eeg_code\BCI_TGSFT_v2\data_loader.py)
2025-12-03 11:36:17,501 - INFO - ==========================================
2025-12-03 11:36:17,501 - INFO - Starting training for Subject 6
2025-12-03 11:36:17,501 - INFO - ==========================================
2025-12-03 11:36:17,502 - INFO - Loading data for Subject 6...
2025-12-03 11:36:17,877 - INFO - Mode: Within-subject split on T file (Test Ratio: 0.2)
2025-12-03 11:36:17,877 - INFO - Split sizes: Train=231, Test=57
2025-12-03 11:36:17,888 - INFO - Train Data: X=(231, 22, 1000), y=(231,)
2025-12-03 11:36:17,888 - INFO - Test Data: X=(57, 22, 1000), y=(57,)
2025-12-03 11:36:17,888 - INFO - Filtering classes to [0, 1]...
2025-12-03 11:36:17,888 - ERROR - Failed to train subject 6: cannot import name 'filter_dataset' from 'data_loader' (C:\Users\user\Desktop\eeg_code\BCI_TGSFT_v2\data_loader.py)
Traceback (most recent call last):
  File "C:\Users\user\Desktop\eeg_code\BCI_TGSFT_v2\main_train.py", line 159, in main
    run_experiment_for_subject(sub, args.output_dir)
  File "C:\Users\user\Desktop\eeg_code\BCI_TGSFT_v2\main_train.py", line 85, in run_experiment_for_subject
    from data_loader import filter_dataset
ImportError: cannot import name 'filter_dataset' from 'data_loader' (C:\Users\user\Desktop\eeg_code\BCI_TGSFT_v2\data_loader.py)
2025-12-03 11:36:17,897 - INFO - ==========================================
2025-12-03 11:36:17,897 - INFO - Starting training for Subject 7
2025-12-03 11:36:17,897 - INFO - ==========================================
2025-12-03 11:36:17,898 - INFO - Loading data for Subject 7...
2025-12-03 11:36:18,277 - INFO - Mode: Within-subject split on T file (Test Ratio: 0.2)
2025-12-03 11:36:18,277 - INFO - Split sizes: Train=231, Test=57
2025-12-03 11:36:18,290 - INFO - Train Data: X=(231, 22, 1000), y=(231,)
2025-12-03 11:36:18,290 - INFO - Test Data: X=(57, 22, 1000), y=(57,)
2025-12-03 11:36:18,291 - INFO - Filtering classes to [0, 1]...
2025-12-03 11:36:18,291 - ERROR - Failed to train subject 7: cannot import name 'filter_dataset' from 'data_loader' (C:\Users\user\Desktop\eeg_code\BCI_TGSFT_v2\data_loader.py)
Traceback (most recent call last):
  File "C:\Users\user\Desktop\eeg_code\BCI_TGSFT_v2\main_train.py", line 159, in main
    run_experiment_for_subject(sub, args.output_dir)
  File "C:\Users\user\Desktop\eeg_code\BCI_TGSFT_v2\main_train.py", line 85, in run_experiment_for_subject
    from data_loader import filter_dataset
ImportError: cannot import name 'filter_dataset' from 'data_loader' (C:\Users\user\Desktop\eeg_code\BCI_TGSFT_v2\data_loader.py)
2025-12-03 11:36:18,300 - INFO - ==========================================
2025-12-03 11:36:18,300 - INFO - Starting training for Subject 8
2025-12-03 11:36:18,300 - INFO - ==========================================
2025-12-03 11:36:18,301 - INFO - Loading data for Subject 8...
2025-12-03 11:36:18,676 - INFO - Mode: Within-subject split on T file (Test Ratio: 0.2)
2025-12-03 11:36:18,677 - INFO - Split sizes: Train=231, Test=57
2025-12-03 11:36:18,688 - INFO - Train Data: X=(231, 22, 1000), y=(231,)
2025-12-03 11:36:18,689 - INFO - Test Data: X=(57, 22, 1000), y=(57,)
2025-12-03 11:36:18,689 - INFO - Filtering classes to [0, 1]...
2025-12-03 11:36:18,690 - ERROR - Failed to train subject 8: cannot import name 'filter_dataset' from 'data_loader' (C:\Users\user\Desktop\eeg_code\BCI_TGSFT_v2\data_loader.py)
Traceback (most recent call last):
  File "C:\Users\user\Desktop\eeg_code\BCI_TGSFT_v2\main_train.py", line 159, in main
    run_experiment_for_subject(sub, args.output_dir)
  File "C:\Users\user\Desktop\eeg_code\BCI_TGSFT_v2\main_train.py", line 85, in run_experiment_for_subject
    from data_loader import filter_dataset
ImportError: cannot import name 'filter_dataset' from 'data_loader' (C:\Users\user\Desktop\eeg_code\BCI_TGSFT_v2\data_loader.py)
2025-12-03 11:36:18,697 - INFO - ==========================================
2025-12-03 11:36:18,697 - INFO - Starting training for Subject 9
2025-12-03 11:36:18,697 - INFO - ==========================================
2025-12-03 11:36:18,698 - INFO - Loading data for Subject 9...
2025-12-03 11:36:19,074 - INFO - Mode: Within-subject split on T file (Test Ratio: 0.2)
2025-12-03 11:36:19,075 - INFO - Split sizes: Train=231, Test=57
2025-12-03 11:36:19,087 - INFO - Train Data: X=(231, 22, 1000), y=(231,)
2025-12-03 11:36:19,087 - INFO - Test Data: X=(57, 22, 1000), y=(57,)
2025-12-03 11:36:19,087 - INFO - Filtering classes to [0, 1]...
2025-12-03 11:36:19,088 - ERROR - Failed to train subject 9: cannot import name 'filter_dataset' from 'data_loader' (C:\Users\user\Desktop\eeg_code\BCI_TGSFT_v2\data_loader.py)
Traceback (most recent call last):
  File "C:\Users\user\Desktop\eeg_code\BCI_TGSFT_v2\main_train.py", line 159, in main
    run_experiment_for_subject(sub, args.output_dir)
  File "C:\Users\user\Desktop\eeg_code\BCI_TGSFT_v2\main_train.py", line 85, in run_experiment_for_subject
    from data_loader import filter_dataset
ImportError: cannot import name 'filter_dataset' from 'data_loader' (C:\Users\user\Desktop\eeg_code\BCI_TGSFT_v2\data_loader.py)
2025-12-03 11:36:19,096 - INFO - Execution finished at: 2025-12-03 11:36:19.096400
2025-12-03 11:36:19,096 - INFO - Total execution time: 0:00:03.932532
