2025-12-03 11:37:20,930 - INFO - Logging started. Saving to logs\train_20251203_113720.log
2025-12-03 11:37:20,930 - INFO - Execution started at: 2025-12-03 11:37:20.930904
2025-12-03 11:37:20,930 - INFO - Training ALL subjects (1-9)...
2025-12-03 11:37:20,931 - INFO - ==========================================
2025-12-03 11:37:20,931 - INFO - Starting training for Subject 1
2025-12-03 11:37:20,931 - INFO - ==========================================
2025-12-03 11:37:20,931 - INFO - Loading data for Subject 1...
2025-12-03 11:37:21,301 - INFO - Mode: Train on T file, Test on E file.
2025-12-03 11:37:21,680 - WARNING - E file for subject 1 is empty (no known labels). Falling back to splitting T file.
2025-12-03 11:37:21,680 - INFO - Mode: Within-subject split on T file (Test Ratio: 0.2)
2025-12-03 11:37:21,682 - INFO - Split sizes: Train=231, Test=57
2025-12-03 11:37:21,693 - INFO - Train Data: X=(231, 22, 1000), y=(231,)
2025-12-03 11:37:21,694 - INFO - Test Data: X=(57, 22, 1000), y=(57,)
2025-12-03 11:37:21,694 - INFO - Filtering classes to [0, 1]...
2025-12-03 11:37:21,709 - INFO - Filtered Train Data: X=(121, 22, 1000), y=(121,)
2025-12-03 11:37:21,709 - INFO - Filtered Test Data: X=(23, 22, 1000), y=(23,)
2025-12-03 11:37:21,710 - INFO - Initializing model...
2025-12-03 11:37:21,710 - INFO - Fitting model (this may take a while)...
2025-12-03 11:37:21,710 - INFO - GPU Acceleration Enabled.
2025-12-03 12:06:33,302 - INFO - Evaluating on test set...
2025-12-03 12:06:35,654 - INFO - Subject 1 Test Accuracy: 0.9130
2025-12-03 12:06:35,674 - INFO - Model saved to models\subject_1_model.pkl
2025-12-03 12:06:35,674 - INFO - Finished Subject 1
2025-12-03 12:06:35,681 - INFO - ==========================================
2025-12-03 12:06:35,681 - INFO - Starting training for Subject 2
2025-12-03 12:06:35,681 - INFO - ==========================================
2025-12-03 12:06:35,681 - INFO - Loading data for Subject 2...
2025-12-03 12:06:36,064 - INFO - Mode: Within-subject split on T file (Test Ratio: 0.2)
2025-12-03 12:06:36,066 - INFO - Split sizes: Train=231, Test=57
2025-12-03 12:06:36,077 - INFO - Train Data: X=(231, 22, 1000), y=(231,)
2025-12-03 12:06:36,077 - INFO - Test Data: X=(57, 22, 1000), y=(57,)
2025-12-03 12:06:36,077 - INFO - Filtering classes to [0, 1]...
2025-12-03 12:06:36,088 - INFO - Filtered Train Data: X=(113, 22, 1000), y=(113,)
2025-12-03 12:06:36,088 - INFO - Filtered Test Data: X=(31, 22, 1000), y=(31,)
2025-12-03 12:06:36,088 - INFO - Initializing model...
2025-12-03 12:06:36,089 - INFO - Fitting model (this may take a while)...
2025-12-03 12:06:36,089 - INFO - GPU Acceleration Enabled.
2025-12-03 12:35:00,586 - INFO - Evaluating on test set...
2025-12-03 12:35:01,431 - INFO - Subject 2 Test Accuracy: 0.6129
2025-12-03 12:35:01,440 - INFO - Model saved to models\subject_2_model.pkl
2025-12-03 12:35:01,441 - INFO - Finished Subject 2
2025-12-03 12:35:01,448 - INFO - ==========================================
2025-12-03 12:35:01,448 - INFO - Starting training for Subject 3
2025-12-03 12:35:01,449 - INFO - ==========================================
2025-12-03 12:35:01,449 - INFO - Loading data for Subject 3...
2025-12-03 12:35:01,830 - INFO - Mode: Within-subject split on T file (Test Ratio: 0.2)
2025-12-03 12:35:01,831 - INFO - Split sizes: Train=231, Test=57
2025-12-03 12:35:01,841 - INFO - Train Data: X=(231, 22, 1000), y=(231,)
2025-12-03 12:35:01,842 - INFO - Test Data: X=(57, 22, 1000), y=(57,)
2025-12-03 12:35:01,842 - INFO - Filtering classes to [0, 1]...
2025-12-03 12:35:01,851 - INFO - Filtered Train Data: X=(113, 22, 1000), y=(113,)
2025-12-03 12:35:01,852 - INFO - Filtered Test Data: X=(31, 22, 1000), y=(31,)
2025-12-03 12:35:01,852 - INFO - Initializing model...
2025-12-03 12:35:01,852 - INFO - Fitting model (this may take a while)...
2025-12-03 12:35:01,853 - INFO - GPU Acceleration Enabled.
2025-12-03 13:02:36,469 - INFO - Evaluating on test set...
2025-12-03 13:02:37,208 - INFO - Subject 3 Test Accuracy: 0.9355
2025-12-03 13:02:37,217 - INFO - Model saved to models\subject_3_model.pkl
2025-12-03 13:02:37,217 - INFO - Finished Subject 3
2025-12-03 13:02:37,227 - INFO - ==========================================
2025-12-03 13:02:37,227 - INFO - Starting training for Subject 4
2025-12-03 13:02:37,227 - INFO - ==========================================
2025-12-03 13:02:37,227 - INFO - Loading data for Subject 4...
2025-12-03 13:02:37,576 - INFO - Mode: Within-subject split on T file (Test Ratio: 0.2)
2025-12-03 13:02:37,577 - INFO - Split sizes: Train=231, Test=57
2025-12-03 13:02:37,588 - INFO - Train Data: X=(231, 22, 1000), y=(231,)
2025-12-03 13:02:37,588 - INFO - Test Data: X=(57, 22, 1000), y=(57,)
2025-12-03 13:02:37,588 - INFO - Filtering classes to [0, 1]...
2025-12-03 13:02:37,599 - INFO - Filtered Train Data: X=(113, 22, 1000), y=(113,)
2025-12-03 13:02:37,599 - INFO - Filtered Test Data: X=(31, 22, 1000), y=(31,)
2025-12-03 13:02:37,600 - INFO - Initializing model...
2025-12-03 13:02:37,600 - INFO - Fitting model (this may take a while)...
2025-12-03 13:02:37,600 - INFO - GPU Acceleration Enabled.
2025-12-03 13:30:47,328 - INFO - Evaluating on test set...
2025-12-03 13:30:48,182 - INFO - Subject 4 Test Accuracy: 0.8065
2025-12-03 13:30:48,192 - INFO - Model saved to models\subject_4_model.pkl
2025-12-03 13:30:48,192 - INFO - Finished Subject 4
2025-12-03 13:30:48,202 - INFO - ==========================================
2025-12-03 13:30:48,202 - INFO - Starting training for Subject 5
2025-12-03 13:30:48,202 - INFO - ==========================================
2025-12-03 13:30:48,202 - INFO - Loading data for Subject 5...
2025-12-03 13:30:48,592 - INFO - Mode: Within-subject split on T file (Test Ratio: 0.2)
2025-12-03 13:30:48,592 - INFO - Split sizes: Train=231, Test=57
2025-12-03 13:30:48,603 - INFO - Train Data: X=(231, 22, 1000), y=(231,)
2025-12-03 13:30:48,603 - INFO - Test Data: X=(57, 22, 1000), y=(57,)
2025-12-03 13:30:48,603 - INFO - Filtering classes to [0, 1]...
2025-12-03 13:30:48,614 - INFO - Filtered Train Data: X=(113, 22, 1000), y=(113,)
2025-12-03 13:30:48,614 - INFO - Filtered Test Data: X=(31, 22, 1000), y=(31,)
2025-12-03 13:30:48,614 - INFO - Initializing model...
2025-12-03 13:30:48,614 - INFO - Fitting model (this may take a while)...
2025-12-03 13:30:48,614 - INFO - GPU Acceleration Enabled.
2025-12-03 14:00:00,605 - INFO - Evaluating on test set...
2025-12-03 14:00:02,957 - INFO - Subject 5 Test Accuracy: 0.8710
2025-12-03 14:00:02,979 - INFO - Model saved to models\subject_5_model.pkl
2025-12-03 14:00:02,979 - INFO - Finished Subject 5
2025-12-03 14:00:02,990 - INFO - ==========================================
2025-12-03 14:00:02,990 - INFO - Starting training for Subject 6
2025-12-03 14:00:02,990 - INFO - ==========================================
2025-12-03 14:00:02,990 - INFO - Loading data for Subject 6...
2025-12-03 14:00:03,387 - INFO - Mode: Within-subject split on T file (Test Ratio: 0.2)
2025-12-03 14:00:03,387 - INFO - Split sizes: Train=231, Test=57
2025-12-03 14:00:03,401 - INFO - Train Data: X=(231, 22, 1000), y=(231,)
2025-12-03 14:00:03,401 - INFO - Test Data: X=(57, 22, 1000), y=(57,)
2025-12-03 14:00:03,401 - INFO - Filtering classes to [0, 1]...
2025-12-03 14:00:03,412 - INFO - Filtered Train Data: X=(114, 22, 1000), y=(114,)
2025-12-03 14:00:03,412 - INFO - Filtered Test Data: X=(30, 22, 1000), y=(30,)
2025-12-03 14:00:03,413 - INFO - Initializing model...
2025-12-03 14:00:03,413 - INFO - Fitting model (this may take a while)...
2025-12-03 14:00:03,413 - INFO - GPU Acceleration Enabled.
2025-12-03 14:28:12,406 - INFO - Evaluating on test set...
2025-12-03 14:28:13,083 - INFO - Subject 6 Test Accuracy: 0.7000
2025-12-03 14:28:13,093 - INFO - Model saved to models\subject_6_model.pkl
2025-12-03 14:28:13,093 - INFO - Finished Subject 6
2025-12-03 14:28:13,103 - INFO - ==========================================
2025-12-03 14:28:13,103 - INFO - Starting training for Subject 7
2025-12-03 14:28:13,103 - INFO - ==========================================
2025-12-03 14:28:13,104 - INFO - Loading data for Subject 7...
2025-12-03 14:28:13,497 - INFO - Mode: Within-subject split on T file (Test Ratio: 0.2)
2025-12-03 14:28:13,497 - INFO - Split sizes: Train=231, Test=57
2025-12-03 14:28:13,508 - INFO - Train Data: X=(231, 22, 1000), y=(231,)
2025-12-03 14:28:13,508 - INFO - Test Data: X=(57, 22, 1000), y=(57,)
2025-12-03 14:28:13,508 - INFO - Filtering classes to [0, 1]...
2025-12-03 14:28:13,518 - INFO - Filtered Train Data: X=(113, 22, 1000), y=(113,)
2025-12-03 14:28:13,518 - INFO - Filtered Test Data: X=(31, 22, 1000), y=(31,)
2025-12-03 14:28:13,518 - INFO - Initializing model...
2025-12-03 14:28:13,518 - INFO - Fitting model (this may take a while)...
2025-12-03 14:28:13,518 - INFO - GPU Acceleration Enabled.
2025-12-03 14:56:50,597 - INFO - Evaluating on test set...
2025-12-03 14:56:52,504 - INFO - Subject 7 Test Accuracy: 0.9032
2025-12-03 14:56:52,520 - INFO - Model saved to models\subject_7_model.pkl
2025-12-03 14:56:52,520 - INFO - Finished Subject 7
2025-12-03 14:56:52,533 - INFO - ==========================================
2025-12-03 14:56:52,533 - INFO - Starting training for Subject 8
2025-12-03 14:56:52,533 - INFO - ==========================================
2025-12-03 14:56:52,533 - INFO - Loading data for Subject 8...
2025-12-03 14:56:52,934 - INFO - Mode: Within-subject split on T file (Test Ratio: 0.2)
2025-12-03 14:56:52,934 - INFO - Split sizes: Train=231, Test=57
2025-12-03 14:56:52,945 - INFO - Train Data: X=(231, 22, 1000), y=(231,)
2025-12-03 14:56:52,945 - INFO - Test Data: X=(57, 22, 1000), y=(57,)
2025-12-03 14:56:52,946 - INFO - Filtering classes to [0, 1]...
2025-12-03 14:56:52,955 - INFO - Filtered Train Data: X=(113, 22, 1000), y=(113,)
2025-12-03 14:56:52,955 - INFO - Filtered Test Data: X=(31, 22, 1000), y=(31,)
2025-12-03 14:56:52,955 - INFO - Initializing model...
2025-12-03 14:56:52,956 - INFO - Fitting model (this may take a while)...
2025-12-03 14:56:52,956 - INFO - GPU Acceleration Enabled.
2025-12-03 15:23:59,789 - INFO - Evaluating on test set...
2025-12-03 15:24:00,338 - INFO - Subject 8 Test Accuracy: 0.9355
2025-12-03 15:24:00,346 - INFO - Model saved to models\subject_8_model.pkl
2025-12-03 15:24:00,346 - INFO - Finished Subject 8
2025-12-03 15:24:00,355 - INFO - ==========================================
2025-12-03 15:24:00,356 - INFO - Starting training for Subject 9
2025-12-03 15:24:00,356 - INFO - ==========================================
2025-12-03 15:24:00,356 - INFO - Loading data for Subject 9...
2025-12-03 15:24:00,753 - INFO - Mode: Within-subject split on T file (Test Ratio: 0.2)
2025-12-03 15:24:00,754 - INFO - Split sizes: Train=231, Test=57
2025-12-03 15:24:00,765 - INFO - Train Data: X=(231, 22, 1000), y=(231,)
2025-12-03 15:24:00,765 - INFO - Test Data: X=(57, 22, 1000), y=(57,)
2025-12-03 15:24:00,766 - INFO - Filtering classes to [0, 1]...
2025-12-03 15:24:00,775 - INFO - Filtered Train Data: X=(114, 22, 1000), y=(114,)
2025-12-03 15:24:00,776 - INFO - Filtered Test Data: X=(30, 22, 1000), y=(30,)
2025-12-03 15:24:00,776 - INFO - Initializing model...
2025-12-03 15:24:00,776 - INFO - Fitting model (this may take a while)...
2025-12-03 15:24:00,776 - INFO - GPU Acceleration Enabled.
2025-12-03 15:51:39,213 - INFO - Evaluating on test set...
2025-12-03 15:51:39,884 - INFO - Subject 9 Test Accuracy: 0.9667
2025-12-03 15:51:39,892 - INFO - Model saved to models\subject_9_model.pkl
2025-12-03 15:51:39,893 - INFO - Finished Subject 9
2025-12-03 15:51:39,902 - INFO - Execution finished at: 2025-12-03 15:51:39.902378
2025-12-03 15:51:39,902 - INFO - Total execution time: 4:14:18.971474
